[WebServer] ΓÜá `eslint` configuration in next.config.js is no longer supported. See more info here: https://nextjs.org/docs/app/api-reference/cli/next#next-lint-options
[WebServer] ΓÜá `images.domains` is deprecated in favor of `images.remotePatterns`. Please update next.config.js to protect your application from malicious users.
[WebServer] ΓÜá Invalid next.config.js options detected: 
[WebServer] ΓÜá     Unrecognized key(s) in object: 'eslint'
[WebServer] ΓÜá See more info here: https://nextjs.org/docs/messages/invalid-next-config
[WebServer] ΓÜá metadataBase property in metadata export is not set for resolving social open graph or twitter images, using "http://localhost:3000". See https://nextjs.org/docs/app/api-reference/functions/generate-metadata#metadatabase

Running 3 tests using 3 workers

[WebServer] ΓÜá The "images.domains" configuration is deprecated. Please use "images.remotePatterns" configuration instead.
  Γ£ô  1 [chromium] ΓÇ║ tests\smoke.spec.ts:4:9 ΓÇ║ Smoke Test ΓÇ║ homepage should load (2.6s)
  Γ£ÿ  3 [chromium] ΓÇ║ tests\smoke.spec.ts:11:9 ΓÇ║ Smoke Test ΓÇ║ shop page should load products (7.3s)
  Γ£ÿ  2 [chromium] ΓÇ║ tests\smoke.spec.ts:25:9 ΓÇ║ Smoke Test ΓÇ║ admin login page should be accessible (30.1s)


  1) [chromium] ΓÇ║ tests\smoke.spec.ts:11:9 ΓÇ║ Smoke Test ΓÇ║ shop page should load products ΓöÇΓöÇΓöÇΓöÇΓöÇΓöÇΓöÇΓöÇΓöÇΓöÇΓöÇ

    Error: [2mexpect([22m[31mlocator[39m[2m).[22mtoBeVisible[2m([22m[2m)[22m failed

    Locator: getByText(/The Collection/i)
    Expected: visible
    Timeout: 5000ms
    Error: element(s) not found

    Call log:
    [2m  - Expect "toBeVisible" with timeout 5000ms[22m
    [2m  - waiting for getByText(/The Collection/i)[22m


      12 |         await page.goto('/shop');
      13 |         // Wait for the pulse loader to disappear or for products to appear
    > 14 |         await expect(page.getByText(/The Collection/i)).toBeVisible();
         |                                                         ^
      15 |
      16 |         // Check if at least one product card is visible (if data exists)
      17 |         // Looking at ShopClient.tsx, products are rendered.
        at D:\Websites\modeaura\modeaura-web\tests\smoke.spec.ts:14:57

    Error Context: test-results\smoke-Smoke-Test-shop-page-should-load-products-chromium\error-context.md

  2) [chromium] ΓÇ║ tests\smoke.spec.ts:25:9 ΓÇ║ Smoke Test ΓÇ║ admin login page should be accessible ΓöÇΓöÇΓöÇΓöÇ

    [31mTest timeout of 30000ms exceeded.[39m

    Error: page.goto: Test timeout of 30000ms exceeded.
    Call log:
    [2m  - navigating to "http://localhost:3000/login", waiting until "load"[22m


      24 |
      25 |     test('admin login page should be accessible', async ({ page }) => {
    > 26 |         await page.goto('/login');
         |                    ^
      27 |         await expect(page.locator('form')).toBeVisible();
      28 |         await expect(page.getByPlaceholder(/email/i)).toBeVisible();
      29 |         await expect(page.getByPlaceholder(/password/i)).toBeVisible();
        at D:\Websites\modeaura\modeaura-web\tests\smoke.spec.ts:26:20

    Error Context: test-results\smoke-Smoke-Test-admin-login-page-should-be-accessible-chromium\error-context.md

  2 failed
    [chromium] ΓÇ║ tests\smoke.spec.ts:11:9 ΓÇ║ Smoke Test ΓÇ║ shop page should load products ΓöÇΓöÇΓöÇΓöÇΓöÇΓöÇΓöÇΓöÇΓöÇΓöÇΓöÇΓöÇ
    [chromium] ΓÇ║ tests\smoke.spec.ts:25:9 ΓÇ║ Smoke Test ΓÇ║ admin login page should be accessible ΓöÇΓöÇΓöÇΓöÇΓöÇ
  1 passed (37.9s)
