node_modules/next/dist/build/templates/app-page.d.ts(3,25): error TS2307: Cannot find module 'VAR_MODULE_GLOBAL_ERROR' or its corresponding type declarations.
node_modules/next/dist/build/webpack-config.d.ts(10,104): error TS2694: Namespace '"D:/Websites/modeaura/modeaura-web/node_modules/next/dist/compiled/webpack/webpack".webpack' has no exported member 'RuleSetUseItem'.
node_modules/next/dist/build/webpack/loaders/next-app-loader/index.d.ts(1,13): error TS2613: Module '"D:/Websites/modeaura/modeaura-web/node_modules/next/dist/compiled/webpack/webpack"' has no default export. Did you mean to use 'import { webpack } from "D:/Websites/modeaura/modeaura-web/node_modules/next/dist/compiled/webpack/webpack"' instead?
node_modules/next/dist/client/components/error-boundary.d.ts(1,8): error TS1259: Module '"D:/Websites/modeaura/modeaura-web/node_modules/@types/react/index"' can only be default-imported using the 'esModuleInterop' flag
node_modules/next/dist/client/components/http-access-fallback/error-boundary.d.ts(11,8): error TS1259: Module '"D:/Websites/modeaura/modeaura-web/node_modules/@types/react/index"' can only be default-imported using the 'esModuleInterop' flag
node_modules/next/dist/client/components/layout-router.d.ts(2,8): error TS1259: Module '"D:/Websites/modeaura/modeaura-web/node_modules/@types/react/index"' can only be default-imported using the 'esModuleInterop' flag
node_modules/next/dist/client/link.d.ts(1,8): error TS1259: Module '"D:/Websites/modeaura/modeaura-web/node_modules/@types/react/index"' can only be default-imported using the 'esModuleInterop' flag
node_modules/next/dist/client/with-router.d.ts(1,8): error TS1259: Module '"D:/Websites/modeaura/modeaura-web/node_modules/@types/react/index"' can only be default-imported using the 'esModuleInterop' flag
node_modules/next/dist/lib/metadata/metadata.d.ts(1,8): error TS1259: Module '"D:/Websites/modeaura/modeaura-web/node_modules/@types/react/index"' can only be default-imported using the 'esModuleInterop' flag
node_modules/next/dist/next-devtools/userspace/pages/pages-dev-overlay-setup.d.ts(1,8): error TS1259: Module '"D:/Websites/modeaura/modeaura-web/node_modules/@types/react/index"' can only be default-imported using the 'esModuleInterop' flag
node_modules/next/dist/server/app-render/entry-base.d.ts(1,114): error TS2307: Cannot find module 'react-server-dom-webpack/server' or its corresponding type declarations.
node_modules/next/dist/server/app-render/entry-base.d.ts(2,27): error TS2307: Cannot find module 'react-server-dom-webpack/static' or its corresponding type declarations.
node_modules/next/dist/server/web/spec-extension/adapters/headers.d.ts(39,16): error TS2304: Cannot find name 'HeadersIterator'.
node_modules/next/dist/server/web/spec-extension/adapters/headers.d.ts(40,13): error TS2304: Cannot find name 'HeadersIterator'.
node_modules/next/dist/server/web/spec-extension/adapters/headers.d.ts(41,15): error TS2304: Cannot find name 'HeadersIterator'.
node_modules/next/dist/server/web/spec-extension/adapters/headers.d.ts(42,26): error TS2304: Cannot find name 'HeadersIterator'.
node_modules/next/dist/shared/lib/app-router-context.shared-runtime.d.ts(4,8): error TS1259: Module '"D:/Websites/modeaura/modeaura-web/node_modules/@types/react/index"' can only be default-imported using the 'esModuleInterop' flag
node_modules/next/dist/shared/lib/app-router-types.d.ts(7,13): error TS1259: Module '"D:/Websites/modeaura/modeaura-web/node_modules/@types/react/index"' can only be default-imported using the 'esModuleInterop' flag
node_modules/next/dist/shared/lib/head-manager-context.shared-runtime.d.ts(1,8): error TS1259: Module '"D:/Websites/modeaura/modeaura-web/node_modules/@types/react/index"' can only be default-imported using the 'esModuleInterop' flag
node_modules/next/dist/shared/lib/image-config-context.shared-runtime.d.ts(1,8): error TS1259: Module '"D:/Websites/modeaura/modeaura-web/node_modules/@types/react/index"' can only be default-imported using the 'esModuleInterop' flag
node_modules/next/dist/shared/lib/loadable-context.shared-runtime.d.ts(1,8): error TS1259: Module '"D:/Websites/modeaura/modeaura-web/node_modules/@types/react/index"' can only be default-imported using the 'esModuleInterop' flag
node_modules/next/dist/shared/lib/loadable.shared-runtime.d.ts(21,8): error TS1259: Module '"D:/Websites/modeaura/modeaura-web/node_modules/@types/react/index"' can only be default-imported using the 'esModuleInterop' flag
node_modules/next/dist/shared/lib/router-context.shared-runtime.d.ts(1,8): error TS1259: Module '"D:/Websites/modeaura/modeaura-web/node_modules/@types/react/index"' can only be default-imported using the 'esModuleInterop' flag
node_modules/next/dist/shared/lib/server-inserted-html.shared-runtime.d.ts(1,8): error TS1259: Module '"D:/Websites/modeaura/modeaura-web/node_modules/@types/react/index"' can only be default-imported using the 'esModuleInterop' flag
node_modules/next/dist/shared/lib/utils.d.ts(10,13): error TS1192: Module '"fs"' has no default export.
src/app/about/page.tsx(5,9): error TS17004: Cannot use JSX unless the '--jsx' flag is provided.
src/app/about/page.tsx(6,13): error TS17004: Cannot use JSX unless the '--jsx' flag is provided.
src/app/about/page.tsx(8,17): error TS17004: Cannot use JSX unless the '--jsx' flag is provided.
src/app/about/page.tsx(9,21): error TS17004: Cannot use JSX unless the '--jsx' flag is provided.
src/app/about/page.tsx(10,21): error TS17004: Cannot use JSX unless the '--jsx' flag is provided.
src/app/about/page.tsx(11,39): error TS17004: Cannot use JSX unless the '--jsx' flag is provided.
src/app/about/page.tsx(17,17): error TS17004: Cannot use JSX unless the '--jsx' flag is provided.
src/app/about/page.tsx(18,21): error TS17004: Cannot use JSX unless the '--jsx' flag is provided.
src/app/about/page.tsx(19,25): error TS17004: Cannot use JSX unless the '--jsx' flag is provided.
src/app/about/page.tsx(25,21): error TS17004: Cannot use JSX unless the '--jsx' flag is provided.
src/app/about/page.tsx(26,25): error TS17004: Cannot use JSX unless the '--jsx' flag is provided.
src/app/about/page.tsx(27,25): error TS17004: Cannot use JSX unless the '--jsx' flag is provided.
src/app/about/page.tsx(30,25): error TS17004: Cannot use JSX unless the '--jsx' flag is provided.
src/app/about/page.tsx(33,25): error TS17004: Cannot use JSX unless the '--jsx' flag is provided.
src/app/about/page.tsx(34,29): error TS17004: Cannot use JSX unless the '--jsx' flag is provided.
src/app/about/page.tsx(40,17): error TS17004: Cannot use JSX unless the '--jsx' flag is provided.
src/app/about/page.tsx(41,21): error TS17004: Cannot use JSX unless the '--jsx' flag is provided.
src/app/about/page.tsx(42,21): error TS17004: Cannot use JSX unless the '--jsx' flag is provided.
src/app/about/page.tsx(43,25): error TS17004: Cannot use JSX unless the '--jsx' flag is provided.
src/app/about/page.tsx(44,29): error TS17004: Cannot use JSX unless the '--jsx' flag is provided.
src/app/about/page.tsx(45,29): error TS17004: Cannot use JSX unless the '--jsx' flag is provided.
src/app/about/page.tsx(46,29): error TS17004: Cannot use JSX unless the '--jsx' flag is provided.
src/app/about/page.tsx(48,25): error TS17004: Cannot use JSX unless the '--jsx' flag is provided.
src/app/about/page.tsx(49,29): error TS17004: Cannot use JSX unless the '--jsx' flag is provided.
src/app/about/page.tsx(50,29): error TS17004: Cannot use JSX unless the '--jsx' flag is provided.
src/app/about/page.tsx(51,29): error TS17004: Cannot use JSX unless the '--jsx' flag is provided.
src/app/about/page.tsx(53,25): error TS17004: Cannot use JSX unless the '--jsx' flag is provided.
src/app/about/page.tsx(54,29): error TS17004: Cannot use JSX unless the '--jsx' flag is provided.
src/app/about/page.tsx(55,29): error TS17004: Cannot use JSX unless the '--jsx' flag is provided.
src/app/about/page.tsx(56,29): error TS17004: Cannot use JSX unless the '--jsx' flag is provided.
src/app/actions/navigation.ts(3,20): error TS2307: Cannot find module '@/lib/db' or its corresponding type declarations.
src/app/blog/page.tsx(32,9): error TS17004: Cannot use JSX unless the '--jsx' flag is provided.
src/app/blog/page.tsx(33,13): error TS17004: Cannot use JSX unless the '--jsx' flag is provided.
src/app/blog/page.tsx(34,17): error TS17004: Cannot use JSX unless the '--jsx' flag is provided.
src/app/blog/page.tsx(35,21): error TS17004: Cannot use JSX unless the '--jsx' flag is provided.
src/app/blog/page.tsx(36,21): error TS17004: Cannot use JSX unless the '--jsx' flag is provided.
src/app/blog/page.tsx(39,17): error TS17004: Cannot use JSX unless the '--jsx' flag is provided.
src/app/blog/page.tsx(41,25): error TS17004: Cannot use JSX unless the '--jsx' flag is provided.
src/app/blog/page.tsx(42,29): error TS17004: Cannot use JSX unless the '--jsx' flag is provided.
src/app/blog/page.tsx(43,33): error TS17004: Cannot use JSX unless the '--jsx' flag is provided.
src/app/blog/page.tsx(48,33): error TS17004: Cannot use JSX unless the '--jsx' flag is provided.
src/app/blog/page.tsx(52,29): error TS17004: Cannot use JSX unless the '--jsx' flag is provided.
src/app/blog/page.tsx(53,33): error TS17004: Cannot use JSX unless the '--jsx' flag is provided.
src/app/blog/page.tsx(54,33): error TS17004: Cannot use JSX unless the '--jsx' flag is provided.
src/app/blog/page.tsx(57,33): error TS17004: Cannot use JSX unless the '--jsx' flag is provided.
src/app/blog/page.tsx(60,33): error TS17004: Cannot use JSX unless the '--jsx' flag is provided.
src/app/dashboard/website/navigation/page.tsx(4,87): error TS2307: Cannot find module '@/app/actions/navigation' or its corresponding type declarations.
src/app/dashboard/website/navigation/page.tsx(89,25): error TS17004: Cannot use JSX unless the '--jsx' flag is provided.
src/app/dashboard/website/navigation/page.tsx(92,9): error TS17004: Cannot use JSX unless the '--jsx' flag is provided.
src/app/dashboard/website/navigation/page.tsx(94,13): error TS17004: Cannot use JSX unless the '--jsx' flag is provided.
src/app/dashboard/website/navigation/page.tsx(95,17): error TS17004: Cannot use JSX unless the '--jsx' flag is provided.
src/app/dashboard/website/navigation/page.tsx(96,21): error TS17004: Cannot use JSX unless the '--jsx' flag is provided.
src/app/dashboard/website/navigation/page.tsx(97,25): error TS17004: Cannot use JSX unless the '--jsx' flag is provided.
src/app/dashboard/website/navigation/page.tsx(99,21): error TS17004: Cannot use JSX unless the '--jsx' flag is provided.
src/app/dashboard/website/navigation/page.tsx(100,25): error TS17004: Cannot use JSX unless the '--jsx' flag is provided.
src/app/dashboard/website/navigation/page.tsx(101,25): error TS17004: Cannot use JSX unless the '--jsx' flag is provided.
src/app/dashboard/website/navigation/page.tsx(104,17): error TS17004: Cannot use JSX unless the '--jsx' flag is provided.
src/app/dashboard/website/navigation/page.tsx(108,21): error TS17004: Cannot use JSX unless the '--jsx' flag is provided.
src/app/dashboard/website/navigation/page.tsx(113,13): error TS17004: Cannot use JSX unless the '--jsx' flag is provided.
src/app/dashboard/website/navigation/page.tsx(115,21): error TS17004: Cannot use JSX unless the '--jsx' flag is provided.
src/app/dashboard/website/navigation/page.tsx(116,25): error TS17004: Cannot use JSX unless the '--jsx' flag is provided.
src/app/dashboard/website/navigation/page.tsx(119,21): error TS17004: Cannot use JSX unless the '--jsx' flag is provided.
src/app/dashboard/website/navigation/page.tsx(120,25): error TS17004: Cannot use JSX unless the '--jsx' flag is provided.
src/app/dashboard/website/navigation/page.tsx(121,29): error TS17004: Cannot use JSX unless the '--jsx' flag is provided.
src/app/dashboard/website/navigation/page.tsx(122,33): error TS17004: Cannot use JSX unless the '--jsx' flag is provided.
src/app/dashboard/website/navigation/page.tsx(123,37): error TS17004: Cannot use JSX unless the '--jsx' flag is provided.
src/app/dashboard/website/navigation/page.tsx(124,37): error TS17004: Cannot use JSX unless the '--jsx' flag is provided.
src/app/dashboard/website/navigation/page.tsx(125,37): error TS17004: Cannot use JSX unless the '--jsx' flag is provided.
src/app/dashboard/website/navigation/page.tsx(126,37): error TS17004: Cannot use JSX unless the '--jsx' flag is provided.
src/app/dashboard/website/navigation/page.tsx(129,29): error TS17004: Cannot use JSX unless the '--jsx' flag is provided.
src/app/dashboard/website/navigation/page.tsx(131,37): error TS17004: Cannot use JSX unless the '--jsx' flag is provided.
src/app/dashboard/website/navigation/page.tsx(132,41): error TS17004: Cannot use JSX unless the '--jsx' flag is provided.
src/app/dashboard/website/navigation/page.tsx(133,45): error TS17004: Cannot use JSX unless the '--jsx' flag is provided.
src/app/dashboard/website/navigation/page.tsx(134,49): error TS17004: Cannot use JSX unless the '--jsx' flag is provided.
src/app/dashboard/website/navigation/page.tsx(136,57): error TS17004: Cannot use JSX unless the '--jsx' flag is provided.
src/app/dashboard/website/navigation/page.tsx(138,57): error TS17004: Cannot use JSX unless the '--jsx' flag is provided.
src/app/dashboard/website/navigation/page.tsx(140,53): error TS17004: Cannot use JSX unless the '--jsx' flag is provided.
src/app/dashboard/website/navigation/page.tsx(143,45): error TS17004: Cannot use JSX unless the '--jsx' flag is provided.
src/app/dashboard/website/navigation/page.tsx(144,49): error TS17004: Cannot use JSX unless the '--jsx' flag is provided.
src/app/dashboard/website/navigation/page.tsx(148,45): error TS17004: Cannot use JSX unless the '--jsx' flag is provided.
src/app/dashboard/website/navigation/page.tsx(149,49): error TS17004: Cannot use JSX unless the '--jsx' flag is provided.
src/app/dashboard/website/navigation/page.tsx(153,45): error TS17004: Cannot use JSX unless the '--jsx' flag is provided.
src/app/dashboard/website/navigation/page.tsx(154,49): error TS17004: Cannot use JSX unless the '--jsx' flag is provided.
src/app/dashboard/website/navigation/page.tsx(155,53): error TS17004: Cannot use JSX unless the '--jsx' flag is provided.
src/app/dashboard/website/navigation/page.tsx(159,57): error TS17004: Cannot use JSX unless the '--jsx' flag is provided.
src/app/dashboard/website/navigation/page.tsx(161,53): error TS17004: Cannot use JSX unless the '--jsx' flag is provided.
src/app/dashboard/website/navigation/page.tsx(165,57): error TS17004: Cannot use JSX unless the '--jsx' flag is provided.
src/app/dashboard/website/navigation/page.tsx(171,45): error TS17004: Cannot use JSX unless the '--jsx' flag is provided.
src/app/dashboard/website/navigation/page.tsx(172,49): error TS17004: Cannot use JSX unless the '--jsx' flag is provided.
src/app/dashboard/website/navigation/page.tsx(173,53): error TS17004: Cannot use JSX unless the '--jsx' flag is provided.
src/app/dashboard/website/navigation/page.tsx(174,57): error TS17004: Cannot use JSX unless the '--jsx' flag is provided.
src/app/dashboard/website/navigation/page.tsx(175,57): error TS17004: Cannot use JSX unless the '--jsx' flag is provided.
src/app/dashboard/website/navigation/page.tsx(178,49): error TS17004: Cannot use JSX unless the '--jsx' flag is provided.
src/app/dashboard/website/navigation/page.tsx(179,53): error TS17004: Cannot use JSX unless the '--jsx' flag is provided.
src/app/dashboard/website/navigation/page.tsx(183,49): error TS17004: Cannot use JSX unless the '--jsx' flag is provided.
src/app/dashboard/website/navigation/page.tsx(184,53): error TS17004: Cannot use JSX unless the '--jsx' flag is provided.
src/app/dashboard/website/navigation/page.tsx(188,49): error TS17004: Cannot use JSX unless the '--jsx' flag is provided.
src/app/dashboard/website/navigation/page.tsx(189,53): error TS17004: Cannot use JSX unless the '--jsx' flag is provided.
src/app/dashboard/website/navigation/page.tsx(190,57): error TS17004: Cannot use JSX unless the '--jsx' flag is provided.
src/app/dashboard/website/navigation/page.tsx(194,61): error TS17004: Cannot use JSX unless the '--jsx' flag is provided.
src/app/dashboard/website/navigation/page.tsx(196,57): error TS17004: Cannot use JSX unless the '--jsx' flag is provided.
src/app/dashboard/website/navigation/page.tsx(200,61): error TS17004: Cannot use JSX unless the '--jsx' flag is provided.
src/app/dashboard/website/navigation/page.tsx(216,17): error TS17004: Cannot use JSX unless the '--jsx' flag is provided.
src/app/dashboard/website/navigation/page.tsx(217,21): error TS17004: Cannot use JSX unless the '--jsx' flag is provided.
src/app/dashboard/website/navigation/page.tsx(218,21): error TS17004: Cannot use JSX unless the '--jsx' flag is provided.
src/app/dashboard/website/navigation/page.tsx(219,25): error TS17004: Cannot use JSX unless the '--jsx' flag is provided.
src/app/dashboard/website/navigation/page.tsx(220,29): error TS17004: Cannot use JSX unless the '--jsx' flag is provided.
src/app/dashboard/website/navigation/page.tsx(221,33): error TS17004: Cannot use JSX unless the '--jsx' flag is provided.
src/app/dashboard/website/navigation/page.tsx(222,33): error TS17004: Cannot use JSX unless the '--jsx' flag is provided.
src/app/dashboard/website/navigation/page.tsx(224,29): error TS17004: Cannot use JSX unless the '--jsx' flag is provided.
src/app/dashboard/website/navigation/page.tsx(224,136): error TS17004: Cannot use JSX unless the '--jsx' flag is provided.
src/app/dashboard/website/navigation/page.tsx(226,25): error TS17004: Cannot use JSX unless the '--jsx' flag is provided.
src/app/dashboard/website/navigation/page.tsx(227,29): error TS17004: Cannot use JSX unless the '--jsx' flag is provided.
src/app/dashboard/website/navigation/page.tsx(228,33): error TS17004: Cannot use JSX unless the '--jsx' flag is provided.
src/app/dashboard/website/navigation/page.tsx(229,33): error TS17004: Cannot use JSX unless the '--jsx' flag is provided.
src/app/dashboard/website/navigation/page.tsx(238,29): error TS17004: Cannot use JSX unless the '--jsx' flag is provided.
src/app/dashboard/website/navigation/page.tsx(239,33): error TS17004: Cannot use JSX unless the '--jsx' flag is provided.
src/app/dashboard/website/navigation/page.tsx(240,33): error TS17004: Cannot use JSX unless the '--jsx' flag is provided.
src/app/dashboard/website/navigation/page.tsx(249,29): error TS17004: Cannot use JSX unless the '--jsx' flag is provided.
src/app/dashboard/website/navigation/page.tsx(250,33): error TS17004: Cannot use JSX unless the '--jsx' flag is provided.
src/app/dashboard/website/navigation/page.tsx(251,37): error TS17004: Cannot use JSX unless the '--jsx' flag is provided.
src/app/dashboard/website/navigation/page.tsx(252,37): error TS17004: Cannot use JSX unless the '--jsx' flag is provided.
src/app/dashboard/website/navigation/page.tsx(257,41): error TS17004: Cannot use JSX unless the '--jsx' flag is provided.
src/app/dashboard/website/navigation/page.tsx(259,45): error TS17004: Cannot use JSX unless the '--jsx' flag is provided.
src/app/dashboard/website/navigation/page.tsx(263,33): error TS17004: Cannot use JSX unless the '--jsx' flag is provided.
src/app/dashboard/website/navigation/page.tsx(264,37): error TS17004: Cannot use JSX unless the '--jsx' flag is provided.
src/app/dashboard/website/navigation/page.tsx(265,37): error TS17004: Cannot use JSX unless the '--jsx' flag is provided.
src/app/dashboard/website/navigation/page.tsx(273,29): error TS17004: Cannot use JSX unless the '--jsx' flag is provided.
src/app/feedback/page.tsx(10,9): error TS17004: Cannot use JSX unless the '--jsx' flag is provided.
src/app/feedback/page.tsx(11,13): error TS17004: Cannot use JSX unless the '--jsx' flag is provided.
src/app/feedback/page.tsx(12,17): error TS17004: Cannot use JSX unless the '--jsx' flag is provided.
src/app/feedback/page.tsx(13,21): error TS17004: Cannot use JSX unless the '--jsx' flag is provided.
src/app/feedback/page.tsx(14,21): error TS17004: Cannot use JSX unless the '--jsx' flag is provided.
src/app/feedback/page.tsx(15,21): error TS17004: Cannot use JSX unless the '--jsx' flag is provided.
src/app/feedback/page.tsx(20,17): error TS17004: Cannot use JSX unless the '--jsx' flag is provided.
src/app/feedback/page.tsx(22,21): error TS17004: Cannot use JSX unless the '--jsx' flag is provided.
src/app/feedback/page.tsx(23,25): error TS17004: Cannot use JSX unless the '--jsx' flag is provided.
src/app/feedback/page.tsx(24,29): error TS17004: Cannot use JSX unless the '--jsx' flag is provided.
src/app/feedback/page.tsx(25,29): error TS17004: Cannot use JSX unless the '--jsx' flag is provided.
src/app/feedback/page.tsx(27,37): error TS17004: Cannot use JSX unless the '--jsx' flag is provided.
src/app/feedback/page.tsx(32,41): error TS17004: Cannot use JSX unless the '--jsx' flag is provided.
src/app/feedback/page.tsx(38,25): error TS17004: Cannot use JSX unless the '--jsx' flag is provided.
src/app/feedback/page.tsx(39,29): error TS17004: Cannot use JSX unless the '--jsx' flag is provided.
src/app/feedback/page.tsx(40,33): error TS17004: Cannot use JSX unless the '--jsx' flag is provided.
src/app/feedback/page.tsx(41,33): error TS17004: Cannot use JSX unless the '--jsx' flag is provided.
src/app/feedback/page.tsx(47,29): error TS17004: Cannot use JSX unless the '--jsx' flag is provided.
src/app/feedback/page.tsx(48,33): error TS17004: Cannot use JSX unless the '--jsx' flag is provided.
src/app/feedback/page.tsx(49,33): error TS17004: Cannot use JSX unless the '--jsx' flag is provided.
src/app/feedback/page.tsx(55,29): error TS17004: Cannot use JSX unless the '--jsx' flag is provided.
src/app/feedback/page.tsx(62,21): error TS17004: Cannot use JSX unless the '--jsx' flag is provided.
src/app/feedback/page.tsx(63,25): error TS17004: Cannot use JSX unless the '--jsx' flag is provided.
src/app/feedback/page.tsx(64,29): error TS17004: Cannot use JSX unless the '--jsx' flag is provided.
src/app/feedback/page.tsx(65,29): error TS17004: Cannot use JSX unless the '--jsx' flag is provided.
src/app/feedback/page.tsx(66,33): error TS17004: Cannot use JSX unless the '--jsx' flag is provided.
src/app/feedback/page.tsx(69,33): error TS17004: Cannot use JSX unless the '--jsx' flag is provided.
src/app/feedback/page.tsx(71,29): error TS17004: Cannot use JSX unless the '--jsx' flag is provided.
src/app/feedback/page.tsx(72,33): error TS17004: Cannot use JSX unless the '--jsx' flag is provided.
src/app/feedback/page.tsx(75,33): error TS17004: Cannot use JSX unless the '--jsx' flag is provided.
src/app/size-guide/page.tsx(13,9): error TS17004: Cannot use JSX unless the '--jsx' flag is provided.
src/app/size-guide/page.tsx(14,13): error TS17004: Cannot use JSX unless the '--jsx' flag is provided.
src/app/size-guide/page.tsx(15,17): error TS17004: Cannot use JSX unless the '--jsx' flag is provided.
src/app/size-guide/page.tsx(16,21): error TS17004: Cannot use JSX unless the '--jsx' flag is provided.
src/app/size-guide/page.tsx(17,21): error TS17004: Cannot use JSX unless the '--jsx' flag is provided.
src/app/size-guide/page.tsx(18,21): error TS17004: Cannot use JSX unless the '--jsx' flag is provided.
src/app/size-guide/page.tsx(23,17): error TS17004: Cannot use JSX unless the '--jsx' flag is provided.
src/app/size-guide/page.tsx(24,21): error TS17004: Cannot use JSX unless the '--jsx' flag is provided.
src/app/size-guide/page.tsx(25,25): error TS17004: Cannot use JSX unless the '--jsx' flag is provided.
src/app/size-guide/page.tsx(26,29): error TS17004: Cannot use JSX unless the '--jsx' flag is provided.
src/app/size-guide/page.tsx(27,33): error TS17004: Cannot use JSX unless the '--jsx' flag is provided.
src/app/size-guide/page.tsx(28,33): error TS17004: Cannot use JSX unless the '--jsx' flag is provided.
src/app/size-guide/page.tsx(29,33): error TS17004: Cannot use JSX unless the '--jsx' flag is provided.
src/app/size-guide/page.tsx(32,25): error TS17004: Cannot use JSX unless the '--jsx' flag is provided.
src/app/size-guide/page.tsx(34,33): error TS17004: Cannot use JSX unless the '--jsx' flag is provided.
src/app/size-guide/page.tsx(35,37): error TS17004: Cannot use JSX unless the '--jsx' flag is provided.
src/app/size-guide/page.tsx(36,37): error TS17004: Cannot use JSX unless the '--jsx' flag is provided.
src/app/size-guide/page.tsx(37,37): error TS17004: Cannot use JSX unless the '--jsx' flag is provided.
src/app/size-guide/page.tsx(44,17): error TS17004: Cannot use JSX unless the '--jsx' flag is provided.
src/app/size-guide/page.tsx(45,21): error TS17004: Cannot use JSX unless the '--jsx' flag is provided.
src/app/size-guide/page.tsx(46,25): error TS17004: Cannot use JSX unless the '--jsx' flag is provided.
src/app/size-guide/page.tsx(47,25): error TS17004: Cannot use JSX unless the '--jsx' flag is provided.
src/app/size-guide/page.tsx(48,29): error TS17004: Cannot use JSX unless the '--jsx' flag is provided.
src/app/size-guide/page.tsx(48,32): error TS17004: Cannot use JSX unless the '--jsx' flag is provided.
src/app/size-guide/page.tsx(49,29): error TS17004: Cannot use JSX unless the '--jsx' flag is provided.
src/app/size-guide/page.tsx(49,32): error TS17004: Cannot use JSX unless the '--jsx' flag is provided.
src/app/size-guide/page.tsx(52,21): error TS17004: Cannot use JSX unless the '--jsx' flag is provided.
src/app/size-guide/page.tsx(53,25): error TS17004: Cannot use JSX unless the '--jsx' flag is provided.
src/app/size-guide/page.tsx(56,25): error TS17004: Cannot use JSX unless the '--jsx' flag is provided.
src/components/Footer.tsx(12,9): error TS17004: Cannot use JSX unless the '--jsx' flag is provided.
src/components/Footer.tsx(13,13): error TS17004: Cannot use JSX unless the '--jsx' flag is provided.
src/components/Footer.tsx(15,17): error TS17004: Cannot use JSX unless the '--jsx' flag is provided.
src/components/Footer.tsx(16,21): error TS17004: Cannot use JSX unless the '--jsx' flag is provided.
src/components/Footer.tsx(17,25): error TS17004: Cannot use JSX unless the '--jsx' flag is provided.
src/components/Footer.tsx(18,29): error TS17004: Cannot use JSX unless the '--jsx' flag is provided.
src/components/Footer.tsx(19,33): error TS17004: Cannot use JSX unless the '--jsx' flag is provided.
src/components/Footer.tsx(21,29): error TS17004: Cannot use JSX unless the '--jsx' flag is provided.
src/components/Footer.tsx(22,33): error TS17004: Cannot use JSX unless the '--jsx' flag is provided.
src/components/Footer.tsx(23,33): error TS17004: Cannot use JSX unless the '--jsx' flag is provided.
src/components/Footer.tsx(26,25): error TS17004: Cannot use JSX unless the '--jsx' flag is provided.
src/components/Footer.tsx(29,25): error TS17004: Cannot use JSX unless the '--jsx' flag is provided.
src/components/Footer.tsx(30,29): error TS17004: Cannot use JSX unless the '--jsx' flag is provided.
src/components/Footer.tsx(31,33): error TS17004: Cannot use JSX unless the '--jsx' flag is provided.
src/components/Footer.tsx(33,29): error TS17004: Cannot use JSX unless the '--jsx' flag is provided.
src/components/Footer.tsx(34,33): error TS17004: Cannot use JSX unless the '--jsx' flag is provided.
src/components/Footer.tsx(39,21): error TS17004: Cannot use JSX unless the '--jsx' flag is provided.
src/components/Footer.tsx(40,25): error TS17004: Cannot use JSX unless the '--jsx' flag is provided.
src/components/Footer.tsx(41,29): error TS17004: Cannot use JSX unless the '--jsx' flag is provided.
src/components/Footer.tsx(42,29): error TS17004: Cannot use JSX unless the '--jsx' flag is provided.
src/components/Footer.tsx(43,33): error TS17004: Cannot use JSX unless the '--jsx' flag is provided.
src/components/Footer.tsx(43,37): error TS17004: Cannot use JSX unless the '--jsx' flag is provided.
src/components/Footer.tsx(44,33): error TS17004: Cannot use JSX unless the '--jsx' flag is provided.
src/components/Footer.tsx(44,37): error TS17004: Cannot use JSX unless the '--jsx' flag is provided.
src/components/Footer.tsx(45,33): error TS17004: Cannot use JSX unless the '--jsx' flag is provided.
src/components/Footer.tsx(45,37): error TS17004: Cannot use JSX unless the '--jsx' flag is provided.
src/components/Footer.tsx(46,33): error TS17004: Cannot use JSX unless the '--jsx' flag is provided.
src/components/Footer.tsx(46,37): error TS17004: Cannot use JSX unless the '--jsx' flag is provided.
src/components/Footer.tsx(49,25): error TS17004: Cannot use JSX unless the '--jsx' flag is provided.
src/components/Footer.tsx(50,29): error TS17004: Cannot use JSX unless the '--jsx' flag is provided.
src/components/Footer.tsx(51,29): error TS17004: Cannot use JSX unless the '--jsx' flag is provided.
src/components/Footer.tsx(52,33): error TS17004: Cannot use JSX unless the '--jsx' flag is provided.
src/components/Footer.tsx(52,37): error TS17004: Cannot use JSX unless the '--jsx' flag is provided.
src/components/Footer.tsx(53,33): error TS17004: Cannot use JSX unless the '--jsx' flag is provided.
src/components/Footer.tsx(53,37): error TS17004: Cannot use JSX unless the '--jsx' flag is provided.
src/components/Footer.tsx(54,33): error TS17004: Cannot use JSX unless the '--jsx' flag is provided.
src/components/Footer.tsx(54,37): error TS17004: Cannot use JSX unless the '--jsx' flag is provided.
src/components/Footer.tsx(55,33): error TS17004: Cannot use JSX unless the '--jsx' flag is provided.
src/components/Footer.tsx(56,37): error TS17004: Cannot use JSX unless the '--jsx' flag is provided.
src/components/Footer.tsx(57,37): error TS17004: Cannot use JSX unless the '--jsx' flag is provided.
src/components/Footer.tsx(58,37): error TS17004: Cannot use JSX unless the '--jsx' flag is provided.
src/components/Footer.tsx(62,25): error TS17004: Cannot use JSX unless the '--jsx' flag is provided.
src/components/Footer.tsx(63,29): error TS17004: Cannot use JSX unless the '--jsx' flag is provided.
src/components/Footer.tsx(64,29): error TS17004: Cannot use JSX unless the '--jsx' flag is provided.
src/components/Footer.tsx(65,33): error TS17004: Cannot use JSX unless the '--jsx' flag is provided.
src/components/Footer.tsx(66,37): error TS17004: Cannot use JSX unless the '--jsx' flag is provided.
src/components/Footer.tsx(67,37): error TS17004: Cannot use JSX unless the '--jsx' flag is provided.
src/components/Footer.tsx(69,33): error TS17004: Cannot use JSX unless the '--jsx' flag is provided.
src/components/Footer.tsx(70,37): error TS17004: Cannot use JSX unless the '--jsx' flag is provided.
src/components/Footer.tsx(71,37): error TS17004: Cannot use JSX unless the '--jsx' flag is provided.
src/components/Footer.tsx(73,33): error TS17004: Cannot use JSX unless the '--jsx' flag is provided.
src/components/Footer.tsx(74,37): error TS17004: Cannot use JSX unless the '--jsx' flag is provided.
src/components/Footer.tsx(75,37): error TS17004: Cannot use JSX unless the '--jsx' flag is provided.
src/components/Footer.tsx(75,89): error TS17004: Cannot use JSX unless the '--jsx' flag is provided.
src/components/Footer.tsx(83,17): error TS17004: Cannot use JSX unless the '--jsx' flag is provided.
src/components/Footer.tsx(84,21): error TS17004: Cannot use JSX unless the '--jsx' flag is provided.
src/components/Footer.tsx(85,25): error TS17004: Cannot use JSX unless the '--jsx' flag is provided.
src/components/Footer.tsx(86,25): error TS17004: Cannot use JSX unless the '--jsx' flag is provided.
src/components/Footer.tsx(87,29): error TS17004: Cannot use JSX unless the '--jsx' flag is provided.
src/components/Footer.tsx(88,29): error TS17004: Cannot use JSX unless the '--jsx' flag is provided.
src/components/Footer.tsx(92,21): error TS17004: Cannot use JSX unless the '--jsx' flag is provided.
src/components/Footer.tsx(96,37): error TS17004: Cannot use JSX unless the '--jsx' flag is provided.
src/components/Navbar.tsx(7,35): error TS2307: Cannot find module '@/app/actions/categories' or its corresponding type declarations.
src/components/Navbar.tsx(8,29): error TS2307: Cannot find module '@/app/actions/navigation' or its corresponding type declarations.
src/components/Navbar.tsx(47,9): error TS17004: Cannot use JSX unless the '--jsx' flag is provided.
src/components/Navbar.tsx(50,17): error TS17004: Cannot use JSX unless the '--jsx' flag is provided.
src/components/Navbar.tsx(51,21): error TS17004: Cannot use JSX unless the '--jsx' flag is provided.
src/components/Navbar.tsx(53,25): error TS17004: Cannot use JSX unless the '--jsx' flag is provided.
src/components/Navbar.tsx(54,29): error TS17004: Cannot use JSX unless the '--jsx' flag is provided.
src/components/Navbar.tsx(54,165): error TS17004: Cannot use JSX unless the '--jsx' flag is provided.
src/components/Navbar.tsx(55,29): error TS17004: Cannot use JSX unless the '--jsx' flag is provided.
src/components/Navbar.tsx(55,183): error TS17004: Cannot use JSX unless the '--jsx' flag is provided.
src/components/Navbar.tsx(59,25): error TS17004: Cannot use JSX unless the '--jsx' flag is provided.
src/components/Navbar.tsx(64,25): error TS17004: Cannot use JSX unless the '--jsx' flag is provided.
src/components/Navbar.tsx(65,29): error TS17004: Cannot use JSX unless the '--jsx' flag is provided.
src/components/Navbar.tsx(66,33): error TS17004: Cannot use JSX unless the '--jsx' flag is provided.
src/components/Navbar.tsx(67,37): error TS17004: Cannot use JSX unless the '--jsx' flag is provided.
src/components/Navbar.tsx(69,33): error TS17004: Cannot use JSX unless the '--jsx' flag is provided.
src/components/Navbar.tsx(70,37): error TS17004: Cannot use JSX unless the '--jsx' flag is provided.
src/components/Navbar.tsx(73,29): error TS17004: Cannot use JSX unless the '--jsx' flag is provided.
src/components/Navbar.tsx(74,33): error TS17004: Cannot use JSX unless the '--jsx' flag is provided.
src/components/Navbar.tsx(82,13): error TS17004: Cannot use JSX unless the '--jsx' flag is provided.
src/components/Navbar.tsx(83,17): error TS17004: Cannot use JSX unless the '--jsx' flag is provided.
src/components/Navbar.tsx(85,21): error TS17004: Cannot use JSX unless the '--jsx' flag is provided.
src/components/Navbar.tsx(86,25): error TS17004: Cannot use JSX unless the '--jsx' flag is provided.
src/components/Navbar.tsx(87,29): error TS17004: Cannot use JSX unless the '--jsx' flag is provided.
src/components/Navbar.tsx(88,33): error TS17004: Cannot use JSX unless the '--jsx' flag is provided.
src/components/Navbar.tsx(90,29): error TS17004: Cannot use JSX unless the '--jsx' flag is provided.
src/components/Navbar.tsx(91,33): error TS17004: Cannot use JSX unless the '--jsx' flag is provided.
src/components/Navbar.tsx(92,37): error TS17004: Cannot use JSX unless the '--jsx' flag is provided.
src/components/Navbar.tsx(93,37): error TS17004: Cannot use JSX unless the '--jsx' flag is provided.
src/components/Navbar.tsx(96,37): error TS17004: Cannot use JSX unless the '--jsx' flag is provided.
src/components/Navbar.tsx(105,21): error TS17004: Cannot use JSX unless the '--jsx' flag is provided.
src/components/Navbar.tsx(106,25): error TS17004: Cannot use JSX unless the '--jsx' flag is provided.
src/components/Navbar.tsx(111,25): error TS17004: Cannot use JSX unless the '--jsx' flag is provided.
src/components/Navbar.tsx(115,21): error TS17004: Cannot use JSX unless the '--jsx' flag is provided.
src/components/Navbar.tsx(116,25): error TS17004: Cannot use JSX unless the '--jsx' flag is provided.
src/components/Navbar.tsx(117,29): error TS17004: Cannot use JSX unless the '--jsx' flag is provided.
src/components/Navbar.tsx(119,25): error TS17004: Cannot use JSX unless the '--jsx' flag is provided.
src/components/Navbar.tsx(120,29): error TS17004: Cannot use JSX unless the '--jsx' flag is provided.
src/components/Navbar.tsx(122,25): error TS17004: Cannot use JSX unless the '--jsx' flag is provided.
src/components/Navbar.tsx(123,29): error TS17004: Cannot use JSX unless the '--jsx' flag is provided.
src/components/Navbar.tsx(124,29): error TS17004: Cannot use JSX unless the '--jsx' flag is provided.
src/components/Navbar.tsx(129,25): error TS17004: Cannot use JSX unless the '--jsx' flag is provided.
src/components/Navbar.tsx(133,29): error TS17004: Cannot use JSX unless the '--jsx' flag is provided.
src/components/Navbar.tsx(140,13): error TS17004: Cannot use JSX unless the '--jsx' flag is provided.
src/components/Navbar.tsx(141,17): error TS17004: Cannot use JSX unless the '--jsx' flag is provided.
src/components/Navbar.tsx(144,29): error TS17004: Cannot use JSX unless the '--jsx' flag is provided.
src/components/Navbar.tsx(145,33): error TS17004: Cannot use JSX unless the '--jsx' flag is provided.
src/components/Navbar.tsx(151,37): error TS17004: Cannot use JSX unless the '--jsx' flag is provided.
src/components/Navbar.tsx(152,41): error TS17004: Cannot use JSX unless the '--jsx' flag is provided.
src/components/Navbar.tsx(153,41): error TS17004: Cannot use JSX unless the '--jsx' flag is provided.
src/components/Navbar.tsx(154,45): error TS17004: Cannot use JSX unless the '--jsx' flag is provided.
src/components/Navbar.tsx(156,53): error TS17004: Cannot use JSX unless the '--jsx' flag is provided.
src/components/Navbar.tsx(171,25): error TS17004: Cannot use JSX unless the '--jsx' flag is provided.
src/components/Navbar.tsx(172,29): error TS17004: Cannot use JSX unless the '--jsx' flag is provided.
src/components/Navbar.tsx(176,37): error TS17004: Cannot use JSX unless the '--jsx' flag is provided.
src/components/Navbar.tsx(183,37): error TS17004: Cannot use JSX unless the '--jsx' flag is provided.
src/components/Navbar.tsx(196,13): error TS17004: Cannot use JSX unless the '--jsx' flag is provided.
src/components/Navbar.tsx(197,17): error TS17004: Cannot use JSX unless the '--jsx' flag is provided.
src/components/Navbar.tsx(198,21): error TS17004: Cannot use JSX unless the '--jsx' flag is provided.
src/components/Navbar.tsx(199,25): error TS17004: Cannot use JSX unless the '--jsx' flag is provided.
src/components/Navbar.tsx(202,21): error TS17004: Cannot use JSX unless the '--jsx' flag is provided.
src/components/Navbar.tsx(203,25): error TS17004: Cannot use JSX unless the '--jsx' flag is provided.
src/components/Navbar.tsx(204,29): error TS17004: Cannot use JSX unless the '--jsx' flag is provided.
src/components/Navbar.tsx(205,29): error TS17004: Cannot use JSX unless the '--jsx' flag is provided.
src/components/Navbar.tsx(208,25): error TS17004: Cannot use JSX unless the '--jsx' flag is provided.
src/components/Navbar.tsx(209,29): error TS17004: Cannot use JSX unless the '--jsx' flag is provided.
src/components/Navbar.tsx(210,29): error TS17004: Cannot use JSX unless the '--jsx' flag is provided.
src/components/Navbar.tsx(211,29): error TS17004: Cannot use JSX unless the '--jsx' flag is provided.
src/components/Navbar.tsx(212,29): error TS17004: Cannot use JSX unless the '--jsx' flag is provided.
src/components/Navbar.tsx(213,29): error TS17004: Cannot use JSX unless the '--jsx' flag is provided.
src/components/Navbar.tsx(217,21): error TS17004: Cannot use JSX unless the '--jsx' flag is provided.
src/components/Navbar.tsx(218,25): error TS17004: Cannot use JSX unless the '--jsx' flag is provided.
src/components/Navbar.tsx(219,25): error TS17004: Cannot use JSX unless the '--jsx' flag is provided.
src/components/Navbar.tsx(220,29): error TS17004: Cannot use JSX unless the '--jsx' flag is provided.
src/components/Navbar.tsx(220,118): error TS17004: Cannot use JSX unless the '--jsx' flag is provided.
src/components/Navbar.tsx(221,29): error TS17004: Cannot use JSX unless the '--jsx' flag is provided.
src/components/Navbar.tsx(222,29): error TS17004: Cannot use JSX unless the '--jsx' flag is provided.
src/components/Navbar.tsx(233,9): error TS17004: Cannot use JSX unless the '--jsx' flag is provided.
src/components/Navbar.tsx(238,13): error TS17004: Cannot use JSX unless the '--jsx' flag is provided.
